
request_vtuberのテスト
[31m  request_vtuberでvtuberデータが作れることを確認 (FAILED - 1)[0m

Failures:

  1) request_vtuberのテスト request_vtuberでvtuberデータが作れることを確認
     [31mFailure/Error: expect(Vtuber.count).to eq(1)[0m
     [31m[0m
     [31m  expected: 1[0m
     [31m       got: 0[0m
     [31m[0m
     [31m  (compared using ==)[0m
     [36m# ./spec/lib/tasks/request_vtuber_spec.rb:12:in `block (2 levels) in <top (required)>'[0m

Finished in 0.46252 seconds (files took 2.69 seconds to load)
[31m1 example, 1 failure[0m

Failed examples:

[31mrspec ./spec/lib/tasks/request_vtuber_spec.rb:10[0m [36m# request_vtuberのテスト request_vtuberでvtuberデータが作れることを確認[0m

